

<script>
//这是js部分，将放在布局页面的头部
</script>

<div>
这是html部分，将放在布局页面的底部
</div>
