这是child页面
<<这是Layout页面
hello,我是joel

aaa

footer>>
