这是master页面
现在显示child页面在下面
hello,我是joel
===============
现在是master页面