1
name
hello
hello ctx
name
namevalue
NAME
AME
ame